This is pdfTeX, Version 3.141592653-2.6-1.40.27 (MiKTeX 25.3) (preloaded format=pdflatex 2025.3.26)  18 JUN 2025 08:53
entering extended mode
 restricted \write18 enabled.
 %&-line parsing enabled.
**./main.tex
(main.tex
LaTeX2e <2024-11-01> patch level 2
L3 programming layer <2025-01-18>
(ifacconf.cls
Document Class: ifacconf 2022/02/11, 1.3: IFAC-PapersOnline

\@frontmatterwidth=\dimen141
\@bls=\dimen142
\eqntopsep=\skip49
\eqnarraycolsep=\dimen143
\labelwidthi=\dimen144
\labelwidthii=\dimen145
\labelwidthiii=\dimen146
\labelwidthiv=\dimen147
\@maxlistdepth=\count196
\eqnbaselineskip=\skip50
\eqnlineskip=\skip51
\mathindent=\dimen148
\rulepreskip=\dimen149
\rulepostskip=\dimen150
\Arrayrulewidth=\dimen151
\crulepostskip=\dimen152
\@Ldec=\dimen153
\@Rdec=\dimen154
\@Lpmdec=\dimen155
\@Rpmdec=\dimen156
\c@section=\count197
\c@subsection=\count198
\c@subsubsection=\count199
\c@paragraph=\count266
\c@subparagraph=\count267
(D:\miktex\tex/latex/tools\theorem.sty
Package: theorem 2024/08/06 v2.2c Theorem extension package (FMi)
\theorem@style=\toks17
\theorem@bodyfont=\toks18
\theorempreskipamount=\skip52
\theorempostskipamount=\skip53
 (D:\miktex\tex/latex/tools\thp.sty
File: thp.sty 2024/08/06 v2.2c Theorem extension package (FMi)
))
(D:\miktex\tex/latex/base\newlfont.sty
Package: newlfont 1998/08/17 v2.2m Standard LaTeX package
LaTeX Info: Redefining \em on input line 57.
 (D:\miktex\tex/latex/base\latexsym.sty
Package: latexsym 1998/08/17 v2.2e Standard LaTeX package (lasy symbols)
\symlasy=\mathgroup4
LaTeX Font Info:    Overwriting symbol font `lasy' in version `bold'
(Font)                  U/lasy/m/n --> U/lasy/b/n on input line 52.
))
LaTeX Info: Redefining \rm on input line 596.
LaTeX Info: Redefining \sf on input line 597.
LaTeX Info: Redefining \tt on input line 598.
LaTeX Info: Redefining \bf on input line 599.
LaTeX Info: Redefining \it on input line 600.
LaTeX Info: Redefining \sl on input line 601.
LaTeX Info: Redefining \sc on input line 602.
\c@thm=\count268
\c@alg=\count269
\c@algorithm=\count270
\c@note=\count271
\c@summ=\count272
\c@case=\count273
\@tempcntc=\count274
\c@figure=\count275
\c@table=\count276
\t@glob@notes=\toks19
\t@loc@notes=\toks20
\note@cnt=\count277
\c@author=\count278
\n@author=\count279
\c@collab=\count280
\n@collab=\count281
\c@address=\count282
\sv@mathsurround=\dimen157
\sv@hyphenpenalty=\count283
\prev@elem=\count284
\cur@elem=\count285
\fm@box=\box52
\fm@size=\dimen158
\t@abstract=\box53
\t@keyword=\box54
\rep@mod=\count286
\t@xtheight=\dimen159
\@logoheight=\dimen160
\@pubyear=\count287
\c@firstpage=\count288
\c@lastpage=\count289
\slashbox=\box55
LaTeX Font Info:    External font `cmex10' loaded for size
(Font)              <7> on input line 1508.
LaTeX Font Info:    External font `cmex10' loaded for size
(Font)              <5> on input line 1508.
LaTeX Font Info:    Trying to load font information for U+lasy on input line 15
08.
(D:\miktex\tex/latex/base\ulasy.fd
File: ulasy.fd 1998/08/17 v2.2e LaTeX symbol font definitions
)
\Slashbox=\box56
LaTeX Font Info:    External font `cmex10' loaded for size
(Font)              <12> on input line 1509.
LaTeX Font Info:    External font `cmex10' loaded for size
(Font)              <8> on input line 1509.
LaTeX Font Info:    External font `cmex10' loaded for size
(Font)              <6> on input line 1509.
\@frontindent=\dimen161
) (D:\miktex\tex/latex/amsfonts\amssymb.sty
Package: amssymb 2013/01/14 v3.01 AMS font symbols

(D:\miktex\tex/latex/amsfonts\amsfonts.sty
Package: amsfonts 2013/01/14 v3.01 Basic AMSFonts support
\@emptytoks=\toks21
\symAMSa=\mathgroup5
\symAMSb=\mathgroup6
LaTeX Font Info:    Redeclaring math symbol \hbar on input line 98.
LaTeX Font Info:    Overwriting math alphabet `\mathfrak' in version `bold'
(Font)                  U/euf/m/n --> U/euf/b/n on input line 106.
))
(D:\miktex\tex/latex/amsmath\amsmath.sty
Package: amsmath 2024/11/05 v2.17t AMS math features
\@mathmargin=\skip54

For additional information on amsmath, use the `?' option.
(D:\miktex\tex/latex/amsmath\amstext.sty
Package: amstext 2021/08/26 v2.01 AMS text

(D:\miktex\tex/latex/amsmath\amsgen.sty
File: amsgen.sty 1999/11/30 v2.0 generic functions
\@emptytoks=\toks22
\ex@=\dimen162
))
(D:\miktex\tex/latex/amsmath\amsbsy.sty
Package: amsbsy 1999/11/29 v1.2d Bold Symbols
\pmbraise@=\dimen163
)
(D:\miktex\tex/latex/amsmath\amsopn.sty
Package: amsopn 2022/04/08 v2.04 operator names
LaTeX Info: Redefining \operatorname on input line 43.
)
\inf@bad=\count290
LaTeX Info: Redefining \frac on input line 233.
\uproot@=\count291
\leftroot@=\count292
LaTeX Info: Redefining \overline on input line 398.
LaTeX Info: Redefining \colon on input line 409.
\classnum@=\count293
\DOTSCASE@=\count294
LaTeX Info: Redefining \ldots on input line 495.
LaTeX Info: Redefining \dots on input line 498.
LaTeX Info: Redefining \cdots on input line 619.
\Mathstrutbox@=\box57
\strutbox@=\box58
LaTeX Info: Redefining \big on input line 721.
LaTeX Info: Redefining \Big on input line 722.
LaTeX Info: Redefining \bigg on input line 723.
LaTeX Info: Redefining \Bigg on input line 724.
\big@size=\dimen164
LaTeX Font Info:    Redeclaring font encoding OML on input line 742.
LaTeX Font Info:    Redeclaring font encoding OMS on input line 743.
\macc@depth=\count295
LaTeX Info: Redefining \bmod on input line 904.
LaTeX Info: Redefining \pmod on input line 909.
LaTeX Info: Redefining \smash on input line 939.
LaTeX Info: Redefining \relbar on input line 969.
LaTeX Info: Redefining \Relbar on input line 970.
\c@MaxMatrixCols=\count296
\dotsspace@=\muskip17
\c@parentequation=\count297
\dspbrk@lvl=\count298
\tag@help=\toks23
\row@=\count299
\column@=\count300
\maxfields@=\count301
\andhelp@=\toks24
\eqnshift@=\dimen165
\alignsep@=\dimen166
\tagshift@=\dimen167
\tagwidth@=\dimen168
\totwidth@=\dimen169
\lineht@=\dimen170
\@envbody=\toks25
\multlinegap=\skip55
\multlinetaggap=\skip56
\mathdisplay@stack=\toks26
LaTeX Info: Redefining \[ on input line 2953.
LaTeX Info: Redefining \] on input line 2954.
)
(D:\miktex\tex/latex/algorithms\algorithmic.sty
Package: algorithmic 2009/08/24 v0.1 Document Style `algorithmic'

(D:\miktex\tex/latex/base\ifthen.sty
Package: ifthen 2024/03/16 v1.1e Standard LaTeX ifthen package (DPC)
) (D:\miktex\tex/latex/graphics\keyval.sty
Package: keyval 2022/05/29 v1.15 key=value parser (DPC)
\KV@toks@=\toks27
)
\c@ALC@unique=\count302
\c@ALC@line=\count303
\c@ALC@rem=\count304
\c@ALC@depth=\count305
\ALC@tlm=\skip57
\algorithmicindent=\skip58
) (D:\miktex\tex/latex/graphics\graphicx.sty
Package: graphicx 2021/09/16 v1.2d Enhanced LaTeX Graphics (DPC,SPQR)

(D:\miktex\tex/latex/graphics\graphics.sty
Package: graphics 2024/08/06 v1.4g Standard LaTeX Graphics (DPC,SPQR)

(D:\miktex\tex/latex/graphics\trig.sty
Package: trig 2023/12/02 v1.11 sin cos tan (DPC)
)
(D:\miktex\tex/latex/graphics-cfg\graphics.cfg
File: graphics.cfg 2016/06/04 v1.11 sample graphics configuration
)
Package graphics Info: Driver file: pdftex.def on input line 106.

(D:\miktex\tex/latex/graphics-def\pdftex.def
File: pdftex.def 2022/09/22 v1.2b Graphics/color driver for pdftex
))
\Gin@req@height=\dimen171
\Gin@req@width=\dimen172
)
(D:\miktex\tex/latex/base\textcomp.sty
Package: textcomp 2024/04/24 v2.1b Standard LaTeX package
) (D:\miktex\tex/latex/xcolor\xcolor.sty
Package: xcolor 2024/09/29 v3.02 LaTeX color extensions (UK)

(D:\miktex\tex/latex/graphics-cfg\color.cfg
File: color.cfg 2016/01/02 v1.6 sample color configuration
)
Package xcolor Info: Driver file: pdftex.def on input line 274.

(D:\miktex\tex/latex/graphics\mathcolor.ltx)
Package xcolor Info: Model `cmy' substituted by `cmy0' on input line 1349.
Package xcolor Info: Model `hsb' substituted by `rgb' on input line 1353.
Package xcolor Info: Model `RGB' extended on input line 1365.
Package xcolor Info: Model `HTML' substituted by `rgb' on input line 1367.
Package xcolor Info: Model `Hsb' substituted by `hsb' on input line 1368.
Package xcolor Info: Model `tHsb' substituted by `hsb' on input line 1369.
Package xcolor Info: Model `HSB' substituted by `hsb' on input line 1370.
Package xcolor Info: Model `Gray' substituted by `gray' on input line 1371.
Package xcolor Info: Model `wave' substituted by `hsb' on input line 1372.
)
(D:\miktex\tex/lualatex/luainputenc\luainputenc.sty
Package: luainputenc 2010/11/19 v0.973 inputenc package for LuaTeX

(D:\miktex\tex/generic/iftex\ifluatex.sty
Package: ifluatex 2019/10/25 v1.5 ifluatex legacy package. Use iftex instead.

(D:\miktex\tex/generic/iftex\iftex.sty
Package: iftex 2024/12/12 v1.0g TeX engine tests
))
(D:\miktex\tex/generic/iftex\ifxetex.sty
Package: ifxetex 2019/10/25 v0.7 ifxetex legacy package. Use iftex instead.
)
(D:\miktex\tex/latex/base\inputenc.sty
Package: inputenc 2024/02/08 v1.3d Input encoding file
\inpenc@prehook=\toks28
\inpenc@posthook=\toks29
))
(D:\miktex\tex/latex/acronym\acronym.sty
Package: acronym 2025/01/17 v1.50 Support for acronyms (Tobias Oetiker)

(D:\miktex\tex/latex/bigfoot\suffix.sty
Package: suffix 2006/07/15 1.5a Variant command support
)
(D:\miktex\tex/latex/xstring\xstring.sty
(D:\miktex\tex/generic/xstring\xstring.tex
\xs_counta=\count306
\xs_countb=\count307
)
Package: xstring 2023/08/22 v1.86 String manipulations (CT)
)
\AC@clearlist=\toks30
)
(D:\miktex\tex/latex/xurl\xurl.sty
Package: xurl 2022/01/09 v 0.10 modify URL breaks
 (D:\miktex\tex/latex/url\url.sty
\Urlmuskip=\muskip18
Package: url 2013/09/16  ver 3.4  Verb mode for urls, etc.
))
(D:\miktex\tex/latex/caption\caption.sty
Package: caption 2023/08/05 v3.6o Customizing captions (AR)

(D:\miktex\tex/latex/caption\caption3.sty
Package: caption3 2023/07/31 v2.4d caption3 kernel (AR)
\caption@tempdima=\dimen173
\captionmargin=\dimen174
\caption@leftmargin=\dimen175
\caption@rightmargin=\dimen176
\caption@width=\dimen177
\caption@indent=\dimen178
\caption@parindent=\dimen179
\caption@hangindent=\dimen180
\abovecaptionskip=\skip59
\belowcaptionskip=\skip60
Package caption Info: Unknown document class (or package),
(caption)             standard defaults will be used.
Package caption Info: \@makecaption = macro:->\@makefigurecaption  on input lin
e 1175.
)

Package caption Warning: Unknown document class (or package),
(caption)                standard defaults will be used.
See the caption package documentation for explanation.

\c@caption@flags=\count308
\c@continuedfloat=\count309
) (D:\miktex\tex/latex/glossaries-extra\glossaries-extra.sty
Package: glossaries-extra 2025/03/18 v1.59 (NLCT)

(D:\miktex\tex/latex/xkeyval\xkeyval.sty
Package: xkeyval 2022/06/16 v2.9 package option processing (HA)

(D:\miktex\tex/generic/xkeyval\xkeyval.tex
(D:\miktex\tex/generic/xkeyval\xkvutils.tex
\XKV@toks=\toks31
\XKV@tempa@toks=\toks32
)
\XKV@depth=\count310
File: xkeyval.tex 2014/12/03 v2.7a key=value parser (HA)
))
(D:\miktex\tex/latex/etoolbox\etoolbox.sty
Package: etoolbox 2025/02/11 v2.5l e-TeX tools for LaTeX (JAW)
\etb@tempcnta=\count311
)
(D:\miktex\tex/latex/glossaries/base\glossaries.sty
Package: glossaries 2025/03/19 v4.58 (NLCT)

(D:\miktex\tex/latex/mfirstuc\mfirstuc.sty
Package: mfirstuc 2022/10/14 v2.08 (NLCT)
\@glsmfirst=\toks33
\@glsmrest=\toks34
) (D:\miktex\tex/latex/xfor\xfor.sty
Package: xfor 2009/02/05 v1.05 (NLCT)
) (D:\miktex\tex/latex/datatool\datatool-base.sty
Package: datatool-base 2025/03/14 v3.2 (NLCT)

(D:\miktex\tex/latex/tracklang\tracklang.sty
Package: tracklang 2025/03/11 v1.6.6 (NLCT) Track Languages

(D:\miktex\tex/generic/tracklang\tracklang.tex))
(D:\miktex\tex/latex/datatool\datatool-l3fp.def
File: datatool-l3fp.def 2025/03/14 v3.2 (NLCT)
)
\@dtl@toks=\toks35
\@dtl@tmpcount=\count312
\dtl@tmplength=\skip61
\l__datatool_measure_box=\box59
\dtl@sortresult=\count313

(D:\miktex\tex/latex/datatool\datatool-utf8.ldf
File: datatool-utf8.ldf 2025/03/14 v3.2 (NLCT)
)
\@dtl@datatype=\count314
\l__datatool_tmpa_int=\count315
\l__datatool_tmpb_int=\count316
\l__datatool_tmpc_int=\count317
\l__datatool_tmpd_int=\count318
\l__datatool_count_int=\count319
\l__datatool_tmp_datatype_int=\count320
\l__datatool_tmpa_dim=\dimen181
\l__datatool_tmpb_dim=\dimen182
\c_datatool_unknown_int=\count321
\l__datatool_year_int=\count322
\l__datatool_month_int=\count323
\l__datatool_day_int=\count324
\l__datatool_hour_int=\count325
\l__datatool_minute_int=\count326
\l__datatool_second_int=\count327
\l__datatool_tzhour_int=\count328
\l__datatool_tzminute_int=\count329
\l__datatool_julian_int=\count330
\l__datatool_local_julian_int=\count331
\l__datatool_prefix_int=\count332
\l__datatool_suffix_int=\count333
\@dtl@foreach@level=\count334
\dtl@codeA=\count335
\dtl@codeB=\count336
)
\gls@level=\count337
\@gls@tmpb=\toks36
\gls@tmplen=\skip62
\glskeylisttok=\toks37
\glslabeltok=\toks38
\glsshorttok=\toks39
\glslongtok=\toks40

(D:\miktex\tex/latex/glossaries/styles\glossary-hypernav.sty
Package: glossary-hypernav 2025/03/19 v4.58 (NLCT)
)
(D:\miktex\tex/latex/glossaries/styles\glossary-list.sty
Package: glossary-list 2025/03/19 v4.58 (NLCT)
\glslistdottedwidth=\skip63
)
(D:\miktex\tex/latex/glossaries/styles\glossary-long.sty
Package: glossary-long 2025/03/19 v4.58 (NLCT)

(D:\miktex\tex/latex/tools\longtable.sty
Package: longtable 2024-10-27 v4.22 Multi-page Table package (DPC)
\LTleft=\skip64
\LTright=\skip65
\LTpre=\skip66
\LTpost=\skip67
\LTchunksize=\count338
\LTcapwidth=\dimen183
\LT@head=\box60
\LT@firsthead=\box61
\LT@foot=\box62
\LT@lastfoot=\box63
\LT@gbox=\box64
\LT@cols=\count339
\LT@rows=\count340
\c@LT@tables=\count341
\c@LT@chunks=\count342
\LT@p@ftn=\toks41
)
\glsdescwidth=\skip68
\glspagelistwidth=\skip69
)
(D:\miktex\tex/latex/glossaries/styles\glossary-super.sty
Package: glossary-super 2025/03/19 v4.58 (NLCT)

(D:\miktex\tex/latex/supertabular\supertabular.sty
Package: supertabular 2024/07/20 v4.2c the supertabular environment
\c@tracingst=\count343
\ST@wd=\dimen184
\ST@rightskip=\skip70
\ST@leftskip=\skip71
\ST@parfillskip=\skip72
\ST@pageleft=\dimen185
\ST@headht=\dimen186
\ST@tailht=\dimen187
\ST@pagesofar=\dimen188
\ST@pboxht=\dimen189
\ST@rowht=\dimen190
\ST@prevht=\dimen191
\ST@toadd=\dimen192
\ST@dimen=\dimen193
\ST@pbox=\box65
))
(D:\miktex\tex/latex/glossaries/styles\glossary-tree.sty
Package: glossary-tree 2025/03/19 v4.58 (NLCT)
\glstreeindent=\skip73
))
\@glsxtr@leveloffset=\count344
\glsxtrresourcecount=\count345
\@glsxtrnewgls@inner=\count346
\glsshortpltok=\toks42
\glslongpltok=\toks43

(D:\miktex\tex/latex/glossaries-extra\glossaries-extra-abbrstyles.def
File: glossaries-extra-abbrstyles.def 2025/03/18 v1.59 (NLCT)
)
\mglselementindex=\count347
)
(D:\miktex\tex/latex/natbib\natbib.sty
Package: natbib 2010/09/13 8.31b (PWD, AO)
\bibhang=\skip74
\bibsep=\skip75
LaTeX Info: Redefining \cite on input line 694.
\c@NAT@ctr=\count348
)
(D:\miktex\tex/latex/l3backend\l3backend-pdftex.def
File: l3backend-pdftex.def 2024-01-04 L3 backend support: PDF output (pdfTeX)
\l__color_backend_stack_int=\count349
\l__pdf_internal_box=\box66
) (main.aux)
\openout1 = `main.aux'.

LaTeX Font Info:    Checking defaults for OML/cmm/m/it on input line 54.
LaTeX Font Info:    ... okay on input line 54.
LaTeX Font Info:    Checking defaults for OMS/cmsy/m/n on input line 54.
LaTeX Font Info:    ... okay on input line 54.
LaTeX Font Info:    Checking defaults for OT1/cmr/m/n on input line 54.
LaTeX Font Info:    ... okay on input line 54.
LaTeX Font Info:    Checking defaults for T1/cmr/m/n on input line 54.
LaTeX Font Info:    ... okay on input line 54.
LaTeX Font Info:    Checking defaults for TS1/cmr/m/n on input line 54.
LaTeX Font Info:    ... okay on input line 54.
LaTeX Font Info:    Checking defaults for OMX/cmex/m/n on input line 54.
LaTeX Font Info:    ... okay on input line 54.
LaTeX Font Info:    Checking defaults for U/cmr/m/n on input line 54.
LaTeX Font Info:    ... okay on input line 54.

(D:\miktex\tex/context/base/mkii\supp-pdf.mkii
[Loading MPS to PDF converter (version 2006.09.02).]
\scratchcounter=\count350
\scratchdimen=\dimen194
\scratchbox=\box67
\nofMPsegments=\count351
\nofMParguments=\count352
\everyMPshowfont=\toks44
\MPscratchCnt=\count353
\MPscratchDim=\dimen195
\MPnumerator=\count354
\makeMPintoPDFobject=\count355
\everyMPtoPDFconversion=\toks45
) (D:\miktex\tex/latex/epstopdf-pkg\epstopdf-base.sty
Package: epstopdf-base 2020-01-24 v2.11 Base part for package epstopdf

(D:\miktex\tex/generic/infwarerr\infwarerr.sty
Package: infwarerr 2019/12/03 v1.5 Providing info/warning/error messages (HO)
)
(D:\miktex\tex/latex/grfext\grfext.sty
Package: grfext 2019/12/03 v1.3 Manage graphics extensions (HO)

(D:\miktex\tex/generic/kvdefinekeys\kvdefinekeys.sty
Package: kvdefinekeys 2019-12-19 v1.6 Define keys (HO)
))
(D:\miktex\tex/latex/kvoptions\kvoptions.sty
Package: kvoptions 2022-06-15 v3.15 Key value format for package options (HO)

(D:\miktex\tex/generic/ltxcmds\ltxcmds.sty
Package: ltxcmds 2023-12-04 v1.26 LaTeX kernel commands for general use (HO)
)
(D:\miktex\tex/latex/kvsetkeys\kvsetkeys.sty
Package: kvsetkeys 2022-10-05 v1.19 Key value parser (HO)
))
(D:\miktex\tex/generic/pdftexcmds\pdftexcmds.sty
Package: pdftexcmds 2020-06-27 v0.33 Utility functions of pdfTeX for LuaTeX (HO
)
Package pdftexcmds Info: \pdf@primitive is available.
Package pdftexcmds Info: \pdf@ifprimitive is available.
Package pdftexcmds Info: \pdfdraftmode found.
)
Package epstopdf-base Info: Redefining graphics rule for `.eps' on input line 4
85.
Package grfext Info: Graphics extension search list:
(grfext)             [.pdf,.png,.jpg,.mps,.jpeg,.jbig2,.jb2,.PDF,.PNG,.JPG,.JPE
G,.JBIG2,.JB2,.eps]
(grfext)             \AppendGraphicsExtensions on input line 504.

(D:\miktex\tex/latex/00miktex\epstopdf-sys.cfg
File: epstopdf-sys.cfg 2021/03/18 v2.0 Configuration of epstopdf for MiKTeX
))
Package caption Info: Begin \AtBeginDocument code.
Package caption Info: longtable package is loaded.

(D:\miktex\tex/latex/caption\ltcaption.sty
Package: ltcaption 2021/01/08 v1.4c longtable captions (AR)
)
Package caption Info: supertabular package is loaded.
Package caption Info: End \AtBeginDocument code.
LaTeX Font Info:    Calculating math sizes for size <14> on input line 60.
LaTeX Font Info:    Trying to load font information for U+msa on input line 60.


(D:\miktex\tex/latex/amsfonts\umsa.fd
File: umsa.fd 2013/01/14 v3.01 AMS symbols A
)
LaTeX Font Info:    Trying to load font information for U+msb on input line 60.

 (D:\miktex\tex/latex/amsfonts\umsb.fd
File: umsb.fd 2013/01/14 v3.01 AMS symbols B
)
(headers/authors.tex) (headers/abstract_keywords.tex)
\c@sv@footnote=\count356
 (headers/acronyms.tex)
(sections/introduction.tex) (sections/my_only_section.tex
Package acronym Info: Label `acro:iot' newly defined as it shall be overridden
although it is yet undefined on input line 3.
Package acronym Info: Label `acro:fri' newly defined as it shall be overridden
although it is yet undefined on input line 5.
Package acronym Info: Label `acro:ram' newly defined as it shall be overridden
although it is yet undefined on input line 5.
Package acronym Info: Label `acro:ram' overridden on input line 5.


Package natbib Warning: Citation `article_first' on page 1 undefined on input l
ine 7.

<pictures/monkey.png, id=1, 596.2275pt x 331.99031pt>
File: pictures/monkey.png Graphic file (type png)
<use pictures/monkey.png>
Package pdftex.def Info: pictures/monkey.png  used on input line 11.
(pdftex.def)             Requested size: 251.80688pt x 140.21004pt.

Package natbib Warning: Citation `figure_first' on page 1 undefined on input li
ne 12.


Package natbib Warning: Citation `article_second' on page 1 undefined on input 
line 17.

<pictures/vibrational_energy_harvesting.png, id=3, 450.9347pt x 370.38374pt>
File: pictures/vibrational_energy_harvesting.png Graphic file (type png)
<use pictures/vibrational_energy_harvesting.png>
Package pdftex.def Info: pictures/vibrational_energy_harvesting.png  used on in
put line 21.
(pdftex.def)             Requested size: 251.80688pt x 206.83136pt.

Package natbib Warning: Citation `figure_second' on page 1 undefined on input l
ine 22.


Package natbib Warning: Citation `article_first' on page 1 undefined on input l
ine 26.


Package natbib Warning: Citation `article_second' on page 1 undefined on input 
line 26.





[1{C:/Users/q/AppData/Local/MiKTeX/fonts/map/pdftex/pdftex.map}

 <./pictures/monkey.png> <./pictures/vibrational_energy_harvesting.png>])
(sections/conclusion.tex) (headers/declaration_of_competing_interests.tex)
(headers/data_availability.tex) (headers/acknowledgments.tex) (main.bbl)



[2

]

Package natbib Warning: There were undefined citations.

(main.aux)
 ***********
LaTeX2e <2024-11-01> patch level 2
L3 programming layer <2025-01-18>
 ***********
 ) 
Here is how much of TeX's memory you used:
 16560 strings out of 473522
 314885 string characters out of 5731456
 836932 words of memory out of 5000000
 39566 multiletter control sequences out of 15000+600000
 567525 words of font info for 74 fonts, out of 8000000 for 9000
 1141 hyphenation exceptions out of 8191
 77i,9n,80p,2427b,310s stack positions out of 10000i,1000n,20000p,200000b,200000s
<D:/miktex/fonts/type1/public/amsfonts/cm/cmbx10.pfb><D:/miktex/fonts/type1/p
ublic/amsfonts/cm/cmbx12.pfb><D:/miktex/fonts/type1/public/amsfonts/cm/cmmi10.p
fb><D:/miktex/fonts/type1/public/amsfonts/cm/cmmi12.pfb><D:/miktex/fonts/type1/
public/amsfonts/cm/cmmi8.pfb><D:/miktex/fonts/type1/public/amsfonts/cm/cmr10.pf
b><D:/miktex/fonts/type1/public/amsfonts/cm/cmr8.pfb><D:/miktex/fonts/type1/pub
lic/amsfonts/cm/cmsy10.pfb><D:/miktex/fonts/type1/public/amsfonts/cm/cmsy7.pfb>
<D:/miktex/fonts/type1/public/amsfonts/cm/cmti10.pfb>
Output written on main.pdf (2 pages, 907839 bytes).
PDF statistics:
 64 PDF objects out of 1000 (max. 8388607)
 0 named destinations out of 1000 (max. 500000)
 11 words of extra memory for PDF output out of 10000 (max. 10000000)

